[debug] [2026-08-21T11:18:03.421Z] ----------------------------------------------------------------------
[debug] [2026-08-21T11:18:03.422Z] Command:       /usr/local/bin/firebase /home/mandroid/.cache/firebase/tools/lib/node_modules/firebase-tools/lib/bin/firebase projects:list
[debug] [2026-08-21T11:18:03.422Z] CLI Version:   11.29.1
[debug] [2026-08-21T11:18:03.422Z] Platform:      linux
[debug] [2026-08-21T11:18:03.422Z] Node Version:  v16.16.0
[debug] [2026-08-21T11:18:03.422Z] Time:          Fri Aug 21 2026 13:18:03 GMT+0200 (GMT+02:00)
[debug] [2026-08-21T11:18:03.423Z] ----------------------------------------------------------------------
[debug] 
[debug] [2026-08-21T11:18:03.455Z] > command requires scopes: ["email","openid","https://www.googleapis.com/auth/cloudplatformprojects.readonly","https://www.googleapis.com/auth/firebase","https://www.googleapis.com/auth/cloud-platform"]
[debug] [2026-08-21T11:18:03.455Z] > authorizing via signed-in user (mmaleiter@gmail.com)
[debug] [2026-08-21T11:18:03.457Z] > refreshing access token with scopes: []
[debug] [2026-08-21T11:18:03.457Z] >>> [apiv2][query] POST https://www.googleapis.com/oauth2/v3/token [none]
[debug] [2026-08-21T11:18:03.458Z] >>> [apiv2][body] POST https://www.googleapis.com/oauth2/v3/token [omitted]
[debug] [2026-08-21T11:18:03.644Z] <<< [apiv2][status] POST https://www.googleapis.com/oauth2/v3/token 400
[debug] [2026-08-21T11:18:03.644Z] <<< [apiv2][body] POST https://www.googleapis.com/oauth2/v3/token [omitted]
[debug] [2026-08-21T11:18:03.645Z] >>> [apiv2][query] GET https://firebase.googleapis.com/v1beta1/projects pageSize=1000
[debug] [2026-08-21T11:18:03.796Z] <<< [apiv2][status] GET https://firebase.googleapis.com/v1beta1/projects 401
[debug] [2026-08-21T11:18:03.796Z] <<< [apiv2][body] GET https://firebase.googleapis.com/v1beta1/projects [omitted]
[debug] [2026-08-21T11:18:03.797Z] HTTP Error: 401, Request had invalid authentication credentials. Expected OAuth 2 access token, login cookie or other valid authentication credential. See https://developers.google.com/identity/sign-in/web/devconsole-project.
[debug] [2026-08-21T11:18:03.912Z] FirebaseError: HTTP Error: 401, Request had invalid authentication credentials. Expected OAuth 2 access token, login cookie or other valid authentication credential. See https://developers.google.com/identity/sign-in/web/devconsole-project.
    at responseToError (/home/mandroid/.cache/firebase/tools/lib/node_modules/firebase-tools/lib/responseToError.js:49:12)
    at RetryOperation._fn (/home/mandroid/.cache/firebase/tools/lib/node_modules/firebase-tools/lib/apiv2.js:288:77)
    at processTicksAndRejections (node:internal/process/task_queues:96:5)
[error] 
[error] Error: Failed to list Firebase projects. See firebase-debug.log for more info.
